Name	Centrality	Rank
Acinetobacter.01	0.04500805781826639	126
O.Burkholderiales.01	0.014512784724380957	125
F.Pseudomonadaceae.01	0.013150925883603608	124
C.Gammaproteobacteria.02	0.013135739970430682	123
F.Enterobacteriaceae.01	0.012670192041222567	122
Atopobium.02	0.012512613540580753	121
C.Gammaproteobacteria.11	0.012428838531675458	120
C.Gammaproteobacteria.04	0.012215255437077676	119
F.Pseudomonadaceae.02	0.01215503839458312	118
F.Erysipelotrichaceae.01	0.012103168027627795	117
Fusobacterium.01	0.011797434881475307	116
Megasphaera.01	0.011492026114812367	115
Atopobium.01	0.01140458317940703	114
Bulleidia.01	0.010666910271861047	113
Actinomyces.01	0.010468782773259239	112
Prevotella.03	0.010393623217615406	111
Veillonella.01	0.010323362280389822	110
C.Gammaproteobacteria.09	0.010194999531595002	109
TM7_genus_incertae_sedis.08	0.010134120096492732	108
C.Gammaproteobacteria.08	0.010086971512370198	107
TM7_genus_incertae_sedis.04	0.010083910492443173	106
F.Burkholderiaceae.02	0.010013194551187961	105
Microbacterium.01	0.009989735948542544	104
Rhizobium.01	0.009972608010921633	103
Chryseobacterium.01	0.009971686716078476	102
Porphyromonas.03	0.009696472470033078	101
Actinomyces.02	0.009675213828964684	100
TM7_genus_incertae_sedis.03	0.009618430597804685	99
Neisseria.01	0.00949064970076714	98
O.Clostridiales.05	0.009450188634049044	97
F.Alcaligenaceae.01	0.009401593586281985	96
Selenomonas.03	0.009395172415552915	95
Gp2.02	0.009300879447080534	94
Carnobacterium.01	0.009255368591584831	93
Lactobacillus.01	0.009223130574557654	92
Acinetobacter.02	0.009195909572932752	91
Metascardovia.01	0.008983776528940054	90
C.Gammaproteobacteria.10	0.008983776528940054	89
F.Pasteurellaceae.02	0.008906608701152497	88
Peptoniphilus.03	0.008849175154890684	87
Peptoniphilus.02	0.008849175154890684	86
Bifidobacterium.01	0.008849175154890684	85
TM7_genus_incertae_sedis.06	0.008843248798894943	84
O.Actinomycetales.04	0.008827398306315352	83
Mycoplasma.01	0.008810843088989051	82
TM7_genus_incertae_sedis.05	0.008798195032114507	81
Parvimonas.03	0.008796087919688575	80
Capnocytophaga.01	0.008656103838866247	79
Pseudomonas.02	0.008655817180669994	78
TM7_genus_incertae_sedis.02	0.008569744647052175	77
F.Burkholderiaceae.01	0.00855625644237105	76
C.Gammaproteobacteria.05	0.008531272265362462	75
Ralstonia.01	0.00843748696411591	74
F.Neisseriaceae.01	0.008410152676376658	73
F.Pasteurellaceae.01	0.008404878600273722	72
Eubacterium.01	0.0082930400724865	71
C.Gammaproteobacteria.06	0.008252161429383105	70
Propionibacterium.02	0.008249426673014112	69
Solobacterium.01	0.00822502495975545	68
P.Firmicutes.01	0.008221694747715932	67
Prevotella.08	0.008182002569473483	66
Burkholderia.01	0.008072651625892657	65
Dolosigranulum.01	0.007978676594036048	64
O.Actinomycetales.01	0.007936507936507936	63
F.Rhodocyclaceae.01	0.007936507936507936	62
F.Prevotellaceae.01	0.007936507936507936	61
Dyella.01	0.007936507936507936	60
Treponema.01	0.007780743307214709	59
Selenomonas.02	0.007759366655271461	58
O.Clostridiales.02	0.007676259615220022	57
C.Betaproteobacteria.01	0.007416885458746597	56
Anaerococcus.02	0.0073838606742569176	55
F.Carnobacteriaceae.01	0.007369774914326013	54
Streptococcus.01	0.00734216544931645	53
F.Comamonadaceae.01	0.007340391651586331	52
Propionibacterium.01	0.007325917243063897	51
Prevotella.02	0.007290067121443265	50
TM7_genus_incertae_sedis.07	0.007285085819516084	49
Prevotella.01	0.007284143035188936	48
C.Gammaproteobacteria.03	0.0072829830213572005	47
Paracoccus.01	0.007137585422028454	46
Porphyromonas.01	0.007032563615078584	45
C.Gammaproteobacteria.01	0.007012231705494133	44
Porphyromonas.02	0.007010484630286586	43
Prevotella.10	0.006990587482124916	42
Pseudomonas.01	0.006912065105482756	41
Fusobacterium.02	0.006882265611847113	40
Prevotella.07	0.006821888162532319	39
Tannerella.01	0.006385123948930297	38
Sulfuricurvum.01	0.0063613641943643905	37
Parvimonas.01	0.006261603236098985	36
C.Gammaproteobacteria.07	0.00617636708510929	35
Catonella.01	0.00590157656933824	34
Prevotella.06	0.005634832557688096	33
Anaerococcus.01	0.005552225747928698	32
Gp2.01	0.005295948772734384	31
Prevotella.05	0.005267208374439763	30
Marinobacter.01	0.005264737052070808	29
Peptostreptococcus.01	0.005242242629560924	28
TM7_genus_incertae_sedis.01	0.004941823773772139	27
F.Prevotellaceae.03	0.004733572762195931	26
Gemella.01	0.004725320012328412	25
Alicyclobacillus.01	0.004705117901377575	24
Peptoniphilus.01	0.004691526172593814	23
O.Actinomycetales.02	0.004649263520279099	22
O.Bacteroidales.02	0.00450958575977351	21
Veillonella.02	0.003968613495224878	20
Tropheryma.01	0.003968613495224878	19
Selenomonas.01	0.003968613495224878	18
Prevotella.09	0.003968613495224878	17
Prevotella.04	0.003968613495224878	16
Parvimonas.02	0.003968613495224878	15
O.Clostridiales.04	0.003968613495224878	14
O.Clostridiales.03	0.003968613495224878	13
O.Clostridiales.01	0.003968613495224878	12
O.Bacteroidales.01	0.003968613495224878	11
O.Actinomycetales.03	0.003968613495224878	10
Mogibacterium.01	0.003968613495224878	9
F.Xanthomonadaceae.01	0.003968613495224878	8
F.Comamonadaceae.02	0.003968613495224878	7
Corynebacterium.02	0.003968613495224878	6
Corynebacterium.01	0.003968613495224878	5
Campylobacter.01	0.003968613495224878	4
C.Betaproteobacteria.02	0.003968613495224878	3
Staphylococcus.01	2.815392821100063e-05	2
F.Prevotellaceae.02	0.0035731015278985204	0
